G1 — a plain first request cut at N output tokens, then the extension
G1 out=8 first             total  12325  hit      0  miss  12325    0%  out     8  length
G1 out=8 ext               total  12798  hit  12288  miss    510   96%  out    64  length
G1 out=16 first            total  12325  hit      0  miss  12325    0%  out    16  length
G1 out=16 ext              total  12806  hit  12288  miss    518   96%  out    64  length
G1 out=32 first            total  12325  hit      0  miss  12325    0%  out    32  length
G1 out=32 ext              total  12822  hit  12288  miss    534   96%  out    64  length
G1 out=48 first            total  12325  hit      0  miss  12325    0%  out    48  length
G1 out=48 ext              total  12838  hit  12288  miss    550   96%  out    64  length
G1 out=64 first            total  12325  hit      0  miss  12325    0%  out    64  length
G1 out=64 ext              total  12854  hit  12288  miss    566   96%  out    64  length
G1 out=128 first           total  12325  hit      0  miss  12325    0%  out   128  length
G1 out=128 ext             total  12918  hit  12288  miss    630   95%  out    64  length

G2 — a json_object first request with a long answer, then the extension
G2 json long #1            total  12356  hit      0  miss  12356    0%  out   138  stop
G2 ext #1                  total  12938  hit  12288  miss    650   95%  out    64  length
G2 json long #2            total  12356  hit      0  miss  12356    0%  out   160  stop
G2 ext #2                  total  12960  hit  12288  miss    672   95%  out    64  length

G3 — the candidate: plain sizing with a "why" sentence, then both fire shapes
G3 sizing #1               total  12524  hit      0  miss  12524    0%  out     5  stop
   → {"size":"small"}
G3 today's fire #1         total  12759  hit   6528  miss   6231   51%  out    64  length
G3 sizing #1               total  12524  hit      0  miss  12524    0%  out     5  stop
G3 extension fire #1       total  12994  hit   6528  miss   6466   50%  out    64  length
G3 sizing #2               total  12524  hit      0  miss  12524    0%  out     5  stop
   → {"size":"small"}
G3 today's fire #2         total  12759  hit   6528  miss   6231   51%  out    64  length
G3 sizing #2               total  12524  hit      0  miss  12524    0%  out     5  stop
G3 extension fire #2       total  12994  hit   6528  miss   6466   50%  out    64  length
exit 0
