E1 json sizing #1      total  12528  hit      0  miss  12528    0%  out     5    1.2s
E1 json repeat #1      total  12528  hit  12416  miss    112   99%  out     5    0.8s
E2 plain sizing #1     total  12507  hit      0  miss  12507    0%  out     5    1.1s
E2 plain repeat #1     total  12507  hit  12416  miss     91   99%  out     5    1.1s
E3 plain sizing #1     total  12507  hit      0  miss  12507    0%  out     5    0.9s
E3 ext+tools #1        total  12977  hit   6528  miss   6449   50%  out    64    1.5s
E4 plain sizing #1     total  12507  hit      0  miss  12507    0%  out     5    0.9s
E4 today+tools #1      total  12758  hit   6528  miss   6230   51%  out    64    1.5s
E5 json sizing #1      total  12528  hit      0  miss  12528    0%  out     5    0.8s
E5 ext, no tools #1    total  12522  hit   6528  miss   5994   52%  out    64    2.1s
E6 plain sizing #1     total  12507  hit      0  miss  12507    0%  out     5    1.2s
E6 ext after 20s #1    total  12977  hit   6528  miss   6449   50%  out    64    1.4s

E1 json sizing #2      total  12528  hit      0  miss  12528    0%  out     5    1.0s
E1 json repeat #2      total  12528  hit  12416  miss    112   99%  out     5    0.8s
E2 plain sizing #2     total  12507  hit      0  miss  12507    0%  out     5    1.4s
E2 plain repeat #2     total  12507  hit  12416  miss     91   99%  out     5    0.8s
E3 plain sizing #2     total  12507  hit      0  miss  12507    0%  out     5    1.0s
E3 ext+tools #2        total  12977  hit   6528  miss   6449   50%  out    64    1.1s
E4 plain sizing #2     total  12507  hit      0  miss  12507    0%  out     5    1.1s
E4 today+tools #2      total  12758  hit   6528  miss   6230   51%  out    64    1.5s
E5 json sizing #2      total  12528  hit      0  miss  12528    0%  out     5    1.1s
E5 ext, no tools #2    total  12522  hit   6528  miss   5994   52%  out    64    1.2s
E6 plain sizing #2     total  12507  hit      0  miss  12507    0%  out     5    1.1s
E6 ext after 20s #2    total  12977  hit   6528  miss   6449   50%  out    64    1.3s

exit 0
